61157a231848b7a1
516c247e01f1be77
431980b86c9b4887
bafbcf76a88b9722
5429e487ff1c87a7
edee8b82b9152f43
ca12e6ef78251009
60152358294ce29f
4086509c430c87a9
3fbe451fd4476a04
8f193633c44b1ef0
273f5282e9ebc14c
beb7449b6ebb87af
d8bbaed38ed67674
98d1022e41e53f74
9e0c03466027a41c
1235d10111006807
0a78a082e5cb833a
63987b0f074d5df5
19a9c94c37b1aafc
1235d10111006807
887cbc92e5eb83ba
4ddc0b5d81ed5df5
de1a327518f193d2
1235d10111006807
9f7ca8aa85e30bb2
4c1ccb4380ed99fc
ea0b5275fcf3429c
9235d10111006807
9a78a89285c9833a
555f3b4282cd4dee
b7a165320ccd6002
a6014044045567f9
20e12c1d5439013d
b7f5bce0eb29a8a1
0641f454e5eb65d8
26014044045567f9
30b16d5d95b98139
a4a5dae24bb9f0b1
01a1d584c18f2157
